[INFO]  Op profiling analysis start.
[INFO]  Running simulation task: Binary Simulation Running, use simulator Ascend910B1 by --soc-version
[WARN] <CreateSocket> Socket set timeout failed: Operation not permitted
[WARN] <CreateSocket> Socket set timeout failed: Operation not permitted
[WARN] <CreateSocket> Socket set timeout failed: Operation not permitted
[WARN] <CreateSocket> Socket set timeout failed: Operation not permitted
[WARN] <CreateSocket> Socket set timeout failed: Operation not permitted
[WARN] <CreateSocket> Socket set timeout failed: Operation not permitted
[WARN] <CreateSocket> Socket set timeout failed: Operation not permitted
[WARN] <CreateSocket> Socket set timeout failed: Operation not permitted
[WARN] <CreateSocket> Socket set timeout failed: Operation not permitted
[WARN] <CreateSocket> Socket set timeout failed: Operation not permitted
[WARN] <CreateSocket> Socket set timeout failed: Operation not permitted
[WARN] <CreateSocket> Socket set timeout failed: Operation not permitted
[WARN] <CreateSocket> Socket set timeout failed: Operation not permitted
[WARN] <CreateSocket> Socket set timeout failed: Operation not permitted
[WARN] <CreateSocket> Socket set timeout failed: Operation not permitted
[WARN] <CreateSocket> Socket set timeout failed: Operation not permitted
[WARN] <CreateSocket> Socket set timeout failed: Operation not permitted
[WARN] <CreateSocket> Socket set timeout failed: Operation not permitted
[WARN] <CreateSocket> Socket set timeout failed: Operation not permitted
[WARN] <CreateSocket> Socket set timeout failed: Operation not permitted
[WARN] <CreateSocket> Socket set timeout failed: Operation not permitted
[WARN] <CreateSocket> Socket set timeout failed: Operation not permitted
[WARN] <CreateSocket> Socket set timeout failed: Operation not permitted
[WARN] <CreateSocket> Socket set timeout failed: Operation not permitted
[WARN] <CreateSocket> Socket set timeout failed: Operation not permitted
[WARN] <CreateSocket> Socket set timeout failed: Operation not permitted
[WARN] <CreateSocket> Socket set timeout failed: Operation not permitted
[WARN] <CreateSocket> Socket set timeout failed: Operation not permitted
[WARN] <CreateSocket> Socket set timeout failed: Operation not permitted
[WARN] <CreateSocket> Socket set timeout failed: Operation not permitted
[WARN] <CreateSocket> Socket set timeout failed: Operation not permitted
[WARN] <CreateSocket> Socket set timeout failed: Operation not permitted
[WARN] <CreateSocket> Socket set timeout failed: Operation not permitted
[WARN] <CreateSocket> Socket set timeout failed: Operation not permitted
[WARN] <CreateSocket> Socket set timeout failed: Operation not permitted
[WARN] <CreateSocket> Socket set timeout failed: Operation not permitted
[WARN] <CreateSocket> Socket set timeout failed: Operation not permitted
[WARN] <CreateSocket> Socket set timeout failed: Operation not permitted
[WARN] <CreateSocket> Socket set timeout failed: Operation not permitted
[WARN] <CreateSocket> Socket set timeout failed: Operation not permitted
[WARN] <CreateSocket> Socket set timeout failed: Operation not permitted
[WARN] <CreateSocket> Socket set timeout failed: Operation not permitted
[WARN] <CreateSocket> Socket set timeout failed: Operation not permitted
[WARN] <CreateSocket> Socket set timeout failed: Operation not permitted
[WARN] <CreateSocket> Socket set timeout failed: Operation not permitted
[WARN] <CreateSocket> Socket set timeout failed: Operation not permitted
[WARN] <CreateSocket> Socket set timeout failed: Operation not permitted
[WARN] <CreateSocket> Socket set timeout failed: Operation not permitted
[WARN] <CreateSocket> Socket set timeout failed: Operation not permitted
[WARN] <CreateSocket> Socket set timeout failed: Operation not permitted
[WARN] <CreateSocket> Socket set timeout failed: Operation not permitted
[WARN] <CreateSocket> Socket set timeout failed: Operation not permitted
[WARN] <CreateSocket> Socket set timeout failed: Operation not permitted
[ERROR] <LocalProcess> connect server failed
[ERROR] <InitProfConfig> Get Init data failed, request failed
[INFO] Top sim cfg file: /home/whj/hw_work_place/Ascend_9.1.0/cann-9.1.0/x86_64-linux/simulator/dav_2201/lib/Ascend910_93_sim_ffts_plus.toml
[INFO] Config file [Ascend910_93_model.toml] from environment variable [CAMODEL_CONFIG_PATH]. Path: /home/whj/hw_work_place/oam-tools/experiment/task-book/msprof_experience_weixin_63089733/perf-data/20260615161526_simulator/OPPROF_20260615161556_LOCEKYRRRLPUYJPA/device0/tmp_dump/config/Ascend910_93_model.toml
[INFO] Model cfg file: /home/whj/hw_work_place/oam-tools/experiment/task-book/msprof_experience_weixin_63089733/perf-data/20260615161526_simulator/OPPROF_20260615161556_LOCEKYRRRLPUYJPA/device0/tmp_dump/config/Ascend910_93_model.toml
[INFO] FFTS plus cfg file: /home/whj/hw_work_place/Ascend_9.1.0/cann-9.1.0/x86_64-linux/simulator/dav_2201/lib/Ascend910_93_ffts_plus.toml
[INFO] [0000000000] sim_cfg: /home/whj/hw_work_place/Ascend_9.1.0/cann-9.1.0/x86_64-linux/simulator/dav_2201/lib/Ascend910_93_sim_ffts_plus.toml
[INFO] [0000000000] model_cfg: /home/whj/hw_work_place/oam-tools/experiment/task-book/msprof_experience_weixin_63089733/perf-data/20260615161526_simulator/OPPROF_20260615161556_LOCEKYRRRLPUYJPA/device0/tmp_dump/config/Ascend910_93_model.toml
[INFO] [0000000000] stars_cfg: /home/whj/hw_work_place/Ascend_9.1.0/cann-9.1.0/x86_64-linux/simulator/dav_2201/lib/Ascend910_93_stars_ffts_plus.toml
[INFO] [0000000000] ffts_cfg: /home/whj/hw_work_place/Ascend_9.1.0/cann-9.1.0/x86_64-linux/simulator/dav_2201/lib/Ascend910_93_ffts.toml
[INFO] [0000000000] ffts_plus_cfg: /home/whj/hw_work_place/Ascend_9.1.0/cann-9.1.0/x86_64-linux/simulator/dav_2201/lib/Ascend910_93_ffts_plus.toml
[FuncCache]: size:0x20000, line_size:128, way_num:16, line_num:1024, idx_num:64
             idx_lsb:7, idx_mask:0x3f, tag_lsb:13, tag_mask:0xffffffffffffffff, ofst_mask:0x7f

[TmSim]: Run in parallel worker mode, core num is: 24

[INFO] Config file [./pem_config_cloud.toml] from environment variable [CAMODEL_CONFIG_PATH]. Path: /home/whj/hw_work_place/oam-tools/experiment/task-book/msprof_experience_weixin_63089733/perf-data/20260615161526_simulator/OPPROF_20260615161556_LOCEKYRRRLPUYJPA/device0/tmp_dump/config/pem_config_cloud.toml
[PEM_AIC_LOG] [INFO] [0000000000] init (132):: Core 0 (CA) init with config file: ./pem_config_cloud.toml
[PEM_AIC_LOG] [DEBUG] [0000000000] init_core_spr (205)::     Core 0: chip_id 0 die_id 0, dev_core_id  0, subcore  0 of  3 (CUBE), spr COREID 0x0000 (0)
[PEM_AIC_LOG] [DEBUG] [0000000000] init_core_spr (205)::     Core 0: chip_id 0 die_id 0, dev_core_id  0, subcore  1 of  3  (VEC), spr COREID 0x0018 (24)
[PEM_AIC_LOG] [DEBUG] [0000000000] init_core_spr (205)::     Core 0: chip_id 0 die_id 0, dev_core_id  0, subcore  2 of  3  (VEC), spr COREID 0x0019 (25)
[PEM_AIC_LOG] [INFO] [0000000000] update_core_attach (536):: Core 0 access PV with mutex
[PEM_AIC_LOG] [INFO] [0000000000] configure_shared_bus (411):: L2 cache is enabled
[INFO] AicWrapper attach AIC 0, num_vec_core=2, num_subcore=3
[PEM_AIC_LOG] [INFO] [0000000000] init (132):: Core 1 (CA) init with config file: ./pem_config_cloud.toml
[PEM_AIC_LOG] [DEBUG] [0000000000] init_core_spr (205)::     Core 1: chip_id 0 die_id 0, dev_core_id  1, subcore  0 of  3 (CUBE), spr COREID 0x0001 (1)
[PEM_AIC_LOG] [DEBUG] [0000000000] init_core_spr (205)::     Core 1: chip_id 0 die_id 0, dev_core_id  1, subcore  1 of  3  (VEC), spr COREID 0x001A (26)
[PEM_AIC_LOG] [DEBUG] [0000000000] init_core_spr (205)::     Core 1: chip_id 0 die_id 0, dev_core_id  1, subcore  2 of  3  (VEC), spr COREID 0x001B (27)
[PEM_AIC_LOG] [INFO] [0000000000] update_core_attach (536):: Core 1 access PV with mutex
[INFO] AicWrapper attach AIC 1, num_vec_core=2, num_subcore=3
[PEM_AIC_LOG] [INFO] [0000000000] init (132):: Core 2 (CA) init with config file: ./pem_config_cloud.toml
[PEM_AIC_LOG] [DEBUG] [0000000000] init_core_spr (205)::     Core 2: chip_id 0 die_id 0, dev_core_id  2, subcore  0 of  3 (CUBE), spr COREID 0x0002 (2)
[PEM_AIC_LOG] [DEBUG] [0000000000] init_core_spr (205)::     Core 2: chip_id 0 die_id 0, dev_core_id  2, subcore  1 of  3  (VEC), spr COREID 0x001C (28)
[PEM_AIC_LOG] [DEBUG] [0000000000] init_core_spr (205)::     Core 2: chip_id 0 die_id 0, dev_core_id  2, subcore  2 of  3  (VEC), spr COREID 0x001D (29)
[PEM_AIC_LOG] [INFO] [0000000000] update_core_attach (536):: Core 2 access PV with mutex
[INFO] AicWrapper attach AIC 2, num_vec_core=2, num_subcore=3
[PEM_AIC_LOG] [INFO] [0000000000] init (132):: Core 3 (CA) init with config file: ./pem_config_cloud.toml
[PEM_AIC_LOG] [DEBUG] [0000000000] init_core_spr (205)::     Core 3: chip_id 0 die_id 0, dev_core_id  3, subcore  0 of  3 (CUBE), spr COREID 0x0003 (3)
[PEM_AIC_LOG] [DEBUG] [0000000000] init_core_spr (205)::     Core 3: chip_id 0 die_id 0, dev_core_id  3, subcore  1 of  3  (VEC), spr COREID 0x001E (30)
[PEM_AIC_LOG] [DEBUG] [0000000000] init_core_spr (205)::     Core 3: chip_id 0 die_id 0, dev_core_id  3, subcore  2 of  3  (VEC), spr COREID 0x001F (31)
[PEM_AIC_LOG] [INFO] [0000000000] update_core_attach (536):: Core 3 access PV with mutex
[INFO] AicWrapper attach AIC 3, num_vec_core=2, num_subcore=3
[PEM_AIC_LOG] [INFO] [0000000000] init (132):: Core 4 (CA) init with config file: ./pem_config_cloud.toml
[PEM_AIC_LOG] [DEBUG] [0000000000] init_core_spr (205)::     Core 4: chip_id 0 die_id 0, dev_core_id  4, subcore  0 of  3 (CUBE), spr COREID 0x0004 (4)
[PEM_AIC_LOG] [DEBUG] [0000000000] init_core_spr (205)::     Core 4: chip_id 0 die_id 0, dev_core_id  4, subcore  1 of  3  (VEC), spr COREID 0x0020 (32)
[PEM_AIC_LOG] [DEBUG] [0000000000] init_core_spr (205)::     Core 4: chip_id 0 die_id 0, dev_core_id  4, subcore  2 of  3  (VEC), spr COREID 0x0021 (33)
[PEM_AIC_LOG] [INFO] [0000000000] update_core_attach (536):: Core 4 access PV with mutex
[INFO] AicWrapper attach AIC 4, num_vec_core=2, num_subcore=3
[PEM_AIC_LOG] [INFO] [0000000000] init (132):: Core 5 (CA) init with config file: ./pem_config_cloud.toml
[PEM_AIC_LOG] [DEBUG] [0000000000] init_core_spr (205)::     Core 5: chip_id 0 die_id 0, dev_core_id  5, subcore  0 of  3 (CUBE), spr COREID 0x0005 (5)
[PEM_AIC_LOG] [DEBUG] [0000000000] init_core_spr (205)::     Core 5: chip_id 0 die_id 0, dev_core_id  5, subcore  1 of  3  (VEC), spr COREID 0x0022 (34)
[PEM_AIC_LOG] [DEBUG] [0000000000] init_core_spr (205)::     Core 5: chip_id 0 die_id 0, dev_core_id  5, subcore  2 of  3  (VEC), spr COREID 0x0023 (35)
[PEM_AIC_LOG] [INFO] [0000000000] update_core_attach (536):: Core 5 access PV with mutex
[INFO] AicWrapper attach AIC 5, num_vec_core=2, num_subcore=3
[PEM_AIC_LOG] [INFO] [0000000000] init (132):: Core 6 (CA) init with config file: ./pem_config_cloud.toml
[PEM_AIC_LOG] [DEBUG] [0000000000] init_core_spr (205)::     Core 6: chip_id 0 die_id 0, dev_core_id  6, subcore  0 of  3 (CUBE), spr COREID 0x0006 (6)
[PEM_AIC_LOG] [DEBUG] [0000000000] init_core_spr (205)::     Core 6: chip_id 0 die_id 0, dev_core_id  6, subcore  1 of  3  (VEC), spr COREID 0x0024 (36)
[PEM_AIC_LOG] [DEBUG] [0000000000] init_core_spr (205)::     Core 6: chip_id 0 die_id 0, dev_core_id  6, subcore  2 of  3  (VEC), spr COREID 0x0025 (37)
[PEM_AIC_LOG] [INFO] [0000000000] update_core_attach (536):: Core 6 access PV with mutex
[INFO] AicWrapper attach AIC 6, num_vec_core=2, num_subcore=3
[PEM_AIC_LOG] [INFO] [0000000000] init (132):: Core 7 (CA) init with config file: ./pem_config_cloud.toml
[PEM_AIC_LOG] [DEBUG] [0000000000] init_core_spr (205)::     Core 7: chip_id 0 die_id 0, dev_core_id  7, subcore  0 of  3 (CUBE), spr COREID 0x0007 (7)
[PEM_AIC_LOG] [DEBUG] [0000000000] init_core_spr (205)::     Core 7: chip_id 0 die_id 0, dev_core_id  7, subcore  1 of  3  (VEC), spr COREID 0x0026 (38)
[PEM_AIC_LOG] [DEBUG] [0000000000] init_core_spr (205)::     Core 7: chip_id 0 die_id 0, dev_core_id  7, subcore  2 of  3  (VEC), spr COREID 0x0027 (39)
[PEM_AIC_LOG] [INFO] [0000000000] update_core_attach (536):: Core 7 access PV with mutex
[INFO] AicWrapper attach AIC 7, num_vec_core=2, num_subcore=3
[PEM_AIC_LOG] [INFO] [0000000000] init (132):: Core 8 (CA) init with config file: ./pem_config_cloud.toml
[PEM_AIC_LOG] [DEBUG] [0000000000] init_core_spr (205)::     Core 8: chip_id 0 die_id 0, dev_core_id  8, subcore  0 of  3 (CUBE), spr COREID 0x0008 (8)
[PEM_AIC_LOG] [DEBUG] [0000000000] init_core_spr (205)::     Core 8: chip_id 0 die_id 0, dev_core_id  8, subcore  1 of  3  (VEC), spr COREID 0x0028 (40)
[PEM_AIC_LOG] [DEBUG] [0000000000] init_core_spr (205)::     Core 8: chip_id 0 die_id 0, dev_core_id  8, subcore  2 of  3  (VEC), spr COREID 0x0029 (41)
[PEM_AIC_LOG] [INFO] [0000000000] update_core_attach (536):: Core 8 access PV with mutex
[INFO] AicWrapper attach AIC 8, num_vec_core=2, num_subcore=3
[PEM_AIC_LOG] [INFO] [0000000000] init (132):: Core 9 (CA) init with config file: ./pem_config_cloud.toml
[PEM_AIC_LOG] [DEBUG] [0000000000] init_core_spr (205)::     Core 9: chip_id 0 die_id 0, dev_core_id  9, subcore  0 of  3 (CUBE), spr COREID 0x0009 (9)
[PEM_AIC_LOG] [DEBUG] [0000000000] init_core_spr (205)::     Core 9: chip_id 0 die_id 0, dev_core_id  9, subcore  1 of  3  (VEC), spr COREID 0x002A (42)
[PEM_AIC_LOG] [DEBUG] [0000000000] init_core_spr (205)::     Core 9: chip_id 0 die_id 0, dev_core_id  9, subcore  2 of  3  (VEC), spr COREID 0x002B (43)
[PEM_AIC_LOG] [INFO] [0000000000] update_core_attach (536):: Core 9 access PV with mutex
[INFO] AicWrapper attach AIC 9, num_vec_core=2, num_subcore=3
[PEM_AIC_LOG] [INFO] [0000000000] init (132):: Core 10 (CA) init with config file: ./pem_config_cloud.toml
[PEM_AIC_LOG] [DEBUG] [0000000000] init_core_spr (205)::     Core 10: chip_id 0 die_id 0, dev_core_id 10, subcore  0 of  3 (CUBE), spr COREID 0x000A (10)
[PEM_AIC_LOG] [DEBUG] [0000000000] init_core_spr (205)::     Core 10: chip_id 0 die_id 0, dev_core_id 10, subcore  1 of  3  (VEC), spr COREID 0x002C (44)
[PEM_AIC_LOG] [DEBUG] [0000000000] init_core_spr (205)::     Core 10: chip_id 0 die_id 0, dev_core_id 10, subcore  2 of  3  (VEC), spr COREID 0x002D (45)
[PEM_AIC_LOG] [INFO] [0000000000] update_core_attach (536):: Core 10 access PV with mutex
[INFO] AicWrapper attach AIC 10, num_vec_core=2, num_subcore=3
[PEM_AIC_LOG] [INFO] [0000000000] init (132):: Core 11 (CA) init with config file: ./pem_config_cloud.toml
[PEM_AIC_LOG] [DEBUG] [0000000000] init_core_spr (205)::     Core 11: chip_id 0 die_id 0, dev_core_id 11, subcore  0 of  3 (CUBE), spr COREID 0x000B (11)
[PEM_AIC_LOG] [DEBUG] [0000000000] init_core_spr (205)::     Core 11: chip_id 0 die_id 0, dev_core_id 11, subcore  1 of  3  (VEC), spr COREID 0x002E (46)
[PEM_AIC_LOG] [DEBUG] [0000000000] init_core_spr (205)::     Core 11: chip_id 0 die_id 0, dev_core_id 11, subcore  2 of  3  (VEC), spr COREID 0x002F (47)
[PEM_AIC_LOG] [INFO] [0000000000] update_core_attach (536):: Core 11 access PV with mutex
[INFO] AicWrapper attach AIC 11, num_vec_core=2, num_subcore=3
[PEM_AIC_LOG] [INFO] [0000000000] init (132):: Core 12 (CA) init with config file: ./pem_config_cloud.toml
[PEM_AIC_LOG] [DEBUG] [0000000000] init_core_spr (205)::     Core 12: chip_id 0 die_id 0, dev_core_id 12, subcore  0 of  3 (CUBE), spr COREID 0x000C (12)
[PEM_AIC_LOG] [DEBUG] [0000000000] init_core_spr (205)::     Core 12: chip_id 0 die_id 0, dev_core_id 12, subcore  1 of  3  (VEC), spr COREID 0x0030 (48)
[PEM_AIC_LOG] [DEBUG] [0000000000] init_core_spr (205)::     Core 12: chip_id 0 die_id 0, dev_core_id 12, subcore  2 of  3  (VEC), spr COREID 0x0031 (49)
[PEM_AIC_LOG] [INFO] [0000000000] update_core_attach (536):: Core 12 access PV with mutex
[INFO] AicWrapper attach AIC 12, num_vec_core=2, num_subcore=3
[PEM_AIC_LOG] [INFO] [0000000000] init (132):: Core 13 (CA) init with config file: ./pem_config_cloud.toml
[PEM_AIC_LOG] [DEBUG] [0000000000] init_core_spr (205)::     Core 13: chip_id 0 die_id 0, dev_core_id 13, subcore  0 of  3 (CUBE), spr COREID 0x000D (13)
[PEM_AIC_LOG] [DEBUG] [0000000000] init_core_spr (205)::     Core 13: chip_id 0 die_id 0, dev_core_id 13, subcore  1 of  3  (VEC), spr COREID 0x0032 (50)
[PEM_AIC_LOG] [DEBUG] [0000000000] init_core_spr (205)::     Core 13: chip_id 0 die_id 0, dev_core_id 13, subcore  2 of  3  (VEC), spr COREID 0x0033 (51)
[PEM_AIC_LOG] [INFO] [0000000000] update_core_attach (536):: Core 13 access PV with mutex
[INFO] AicWrapper attach AIC 13, num_vec_core=2, num_subcore=3
[PEM_AIC_LOG] [INFO] [0000000000] init (132):: Core 14 (CA) init with config file: ./pem_config_cloud.toml
[PEM_AIC_LOG] [DEBUG] [0000000000] init_core_spr (205)::     Core 14: chip_id 0 die_id 0, dev_core_id 14, subcore  0 of  3 (CUBE), spr COREID 0x000E (14)
[PEM_AIC_LOG] [DEBUG] [0000000000] init_core_spr (205)::     Core 14: chip_id 0 die_id 0, dev_core_id 14, subcore  1 of  3  (VEC), spr COREID 0x0034 (52)
[PEM_AIC_LOG] [DEBUG] [0000000000] init_core_spr (205)::     Core 14: chip_id 0 die_id 0, dev_core_id 14, subcore  2 of  3  (VEC), spr COREID 0x0035 (53)
[PEM_AIC_LOG] [INFO] [0000000000] update_core_attach (536):: Core 14 access PV with mutex
[INFO] AicWrapper attach AIC 14, num_vec_core=2, num_subcore=3
[PEM_AIC_LOG] [INFO] [0000000000] init (132):: Core 15 (CA) init with config file: ./pem_config_cloud.toml
[PEM_AIC_LOG] [DEBUG] [0000000000] init_core_spr (205)::     Core 15: chip_id 0 die_id 0, dev_core_id 15, subcore  0 of  3 (CUBE), spr COREID 0x000F (15)
[PEM_AIC_LOG] [DEBUG] [0000000000] init_core_spr (205)::     Core 15: chip_id 0 die_id 0, dev_core_id 15, subcore  1 of  3  (VEC), spr COREID 0x0036 (54)
[PEM_AIC_LOG] [DEBUG] [0000000000] init_core_spr (205)::     Core 15: chip_id 0 die_id 0, dev_core_id 15, subcore  2 of  3  (VEC), spr COREID 0x0037 (55)
[PEM_AIC_LOG] [INFO] [0000000000] update_core_attach (536):: Core 15 access PV with mutex
[INFO] AicWrapper attach AIC 15, num_vec_core=2, num_subcore=3
[PEM_AIC_LOG] [INFO] [0000000000] init (132):: Core 16 (CA) init with config file: ./pem_config_cloud.toml
[PEM_AIC_LOG] [DEBUG] [0000000000] init_core_spr (205)::     Core 16: chip_id 0 die_id 0, dev_core_id 16, subcore  0 of  3 (CUBE), spr COREID 0x0010 (16)
[PEM_AIC_LOG] [DEBUG] [0000000000] init_core_spr (205)::     Core 16: chip_id 0 die_id 0, dev_core_id 16, subcore  1 of  3  (VEC), spr COREID 0x0038 (56)
[PEM_AIC_LOG] [DEBUG] [0000000000] init_core_spr (205)::     Core 16: chip_id 0 die_id 0, dev_core_id 16, subcore  2 of  3  (VEC), spr COREID 0x0039 (57)
[PEM_AIC_LOG] [INFO] [0000000000] update_core_attach (536):: Core 16 access PV with mutex
[INFO] AicWrapper attach AIC 16, num_vec_core=2, num_subcore=3
[PEM_AIC_LOG] [INFO] [0000000000] init (132):: Core 17 (CA) init with config file: ./pem_config_cloud.toml
[PEM_AIC_LOG] [DEBUG] [0000000000] init_core_spr (205)::     Core 17: chip_id 0 die_id 0, dev_core_id 17, subcore  0 of  3 (CUBE), spr COREID 0x0011 (17)
[PEM_AIC_LOG] [DEBUG] [0000000000] init_core_spr (205)::     Core 17: chip_id 0 die_id 0, dev_core_id 17, subcore  1 of  3  (VEC), spr COREID 0x003A (58)
[PEM_AIC_LOG] [DEBUG] [0000000000] init_core_spr (205)::     Core 17: chip_id 0 die_id 0, dev_core_id 17, subcore  2 of  3  (VEC), spr COREID 0x003B (59)
[PEM_AIC_LOG] [INFO] [0000000000] update_core_attach (536):: Core 17 access PV with mutex
[INFO] AicWrapper attach AIC 17, num_vec_core=2, num_subcore=3
[PEM_AIC_LOG] [INFO] [0000000000] init (132):: Core 18 (CA) init with config file: ./pem_config_cloud.toml
[PEM_AIC_LOG] [DEBUG] [0000000000] init_core_spr (205)::     Core 18: chip_id 0 die_id 0, dev_core_id 18, subcore  0 of  3 (CUBE), spr COREID 0x0012 (18)
[PEM_AIC_LOG] [DEBUG] [0000000000] init_core_spr (205)::     Core 18: chip_id 0 die_id 0, dev_core_id 18, subcore  1 of  3  (VEC), spr COREID 0x003C (60)
[PEM_AIC_LOG] [DEBUG] [0000000000] init_core_spr (205)::     Core 18: chip_id 0 die_id 0, dev_core_id 18, subcore  2 of  3  (VEC), spr COREID 0x003D (61)
[PEM_AIC_LOG] [INFO] [0000000000] update_core_attach (536):: Core 18 access PV with mutex
[INFO] AicWrapper attach AIC 18, num_vec_core=2, num_subcore=3
[PEM_AIC_LOG] [INFO] [0000000000] init (132):: Core 19 (CA) init with config file: ./pem_config_cloud.toml
[PEM_AIC_LOG] [DEBUG] [0000000000] init_core_spr (205)::     Core 19: chip_id 0 die_id 0, dev_core_id 19, subcore  0 of  3 (CUBE), spr COREID 0x0013 (19)
[PEM_AIC_LOG] [DEBUG] [0000000000] init_core_spr (205)::     Core 19: chip_id 0 die_id 0, dev_core_id 19, subcore  1 of  3  (VEC), spr COREID 0x003E (62)
[PEM_AIC_LOG] [DEBUG] [0000000000] init_core_spr (205)::     Core 19: chip_id 0 die_id 0, dev_core_id 19, subcore  2 of  3  (VEC), spr COREID 0x003F (63)
[PEM_AIC_LOG] [INFO] [0000000000] update_core_attach (536):: Core 19 access PV with mutex
[INFO] AicWrapper attach AIC 19, num_vec_core=2, num_subcore=3
[PEM_AIC_LOG] [INFO] [0000000000] init (132):: Core 20 (CA) init with config file: ./pem_config_cloud.toml
[PEM_AIC_LOG] [DEBUG] [0000000000] init_core_spr (205)::     Core 20: chip_id 0 die_id 0, dev_core_id 20, subcore  0 of  3 (CUBE), spr COREID 0x0014 (20)
[PEM_AIC_LOG] [DEBUG] [0000000000] init_core_spr (205)::     Core 20: chip_id 0 die_id 0, dev_core_id 20, subcore  1 of  3  (VEC), spr COREID 0x0040 (64)
[PEM_AIC_LOG] [DEBUG] [0000000000] init_core_spr (205)::     Core 20: chip_id 0 die_id 0, dev_core_id 20, subcore  2 of  3  (VEC), spr COREID 0x0041 (65)
[PEM_AIC_LOG] [INFO] [0000000000] update_core_attach (536):: Core 20 access PV with mutex
[INFO] AicWrapper attach AIC 20, num_vec_core=2, num_subcore=3
[PEM_AIC_LOG] [INFO] [0000000000] init (132):: Core 21 (CA) init with config file: ./pem_config_cloud.toml
[PEM_AIC_LOG] [DEBUG] [0000000000] init_core_spr (205)::     Core 21: chip_id 0 die_id 0, dev_core_id 21, subcore  0 of  3 (CUBE), spr COREID 0x0015 (21)
[PEM_AIC_LOG] [DEBUG] [0000000000] init_core_spr (205)::     Core 21: chip_id 0 die_id 0, dev_core_id 21, subcore  1 of  3  (VEC), spr COREID 0x0042 (66)
[PEM_AIC_LOG] [DEBUG] [0000000000] init_core_spr (205)::     Core 21: chip_id 0 die_id 0, dev_core_id 21, subcore  2 of  3  (VEC), spr COREID 0x0043 (67)
[PEM_AIC_LOG] [INFO] [0000000000] update_core_attach (536):: Core 21 access PV with mutex
[INFO] AicWrapper attach AIC 21, num_vec_core=2, num_subcore=3
[PEM_AIC_LOG] [INFO] [0000000000] init (132):: Core 22 (CA) init with config file: ./pem_config_cloud.toml
[PEM_AIC_LOG] [DEBUG] [0000000000] init_core_spr (205)::     Core 22: chip_id 0 die_id 0, dev_core_id 22, subcore  0 of  3 (CUBE), spr COREID 0x0016 (22)
[PEM_AIC_LOG] [DEBUG] [0000000000] init_core_spr (205)::     Core 22: chip_id 0 die_id 0, dev_core_id 22, subcore  1 of  3  (VEC), spr COREID 0x0044 (68)
[PEM_AIC_LOG] [DEBUG] [0000000000] init_core_spr (205)::     Core 22: chip_id 0 die_id 0, dev_core_id 22, subcore  2 of  3  (VEC), spr COREID 0x0045 (69)
[PEM_AIC_LOG] [INFO] [0000000000] update_core_attach (536):: Core 22 access PV with mutex
[INFO] AicWrapper attach AIC 22, num_vec_core=2, num_subcore=3
[PEM_AIC_LOG] [INFO] [0000000000] init (132):: Core 23 (CA) init with config file: ./pem_config_cloud.toml
[PEM_AIC_LOG] [DEBUG] [0000000000] init_core_spr (205)::     Core 23: chip_id 0 die_id 0, dev_core_id 23, subcore  0 of  3 (CUBE), spr COREID 0x0017 (23)
[PEM_AIC_LOG] [DEBUG] [0000000000] init_core_spr (205)::     Core 23: chip_id 0 die_id 0, dev_core_id 23, subcore  1 of  3  (VEC), spr COREID 0x0046 (70)
[PEM_AIC_LOG] [DEBUG] [0000000000] init_core_spr (205)::     Core 23: chip_id 0 die_id 0, dev_core_id 23, subcore  2 of  3  (VEC), spr COREID 0x0047 (71)
[PEM_AIC_LOG] [INFO] [0000000000] update_core_attach (536):: Core 23 access PV with mutex
[INFO] AicWrapper attach AIC 23, num_vec_core=2, num_subcore=3
[INFO] Chip 0 AIC / Scheduler / Soc periods: 200.0000 / 200.0000 / 105.0000
[INFO] chip 0 die 0 device created
>> Start ModelParsim with 4 threads for 25 thread units, mode is 0
================================================================================
>>>>
>>>>                             " PEM MODEL "
>>>>             Total no. of 1 chip(s) Model Init Success!
>>>>
================================================================================
[INFO] Model Start Time: 2026-06-15 16:16:02
[DRVSTUB_LOG] driver_api.c:521 sendSwapBuf:swapbuf_base_addr:10000000
[DRVSTUB_LOG] driver_api.c:522 sendSwapBuf:sq:0 swapbuf_addr:10000000
[DRVSTUB_LOG] driver_api.c:521 sendSwapBuf:swapbuf_base_addr:10000000
[DRVSTUB_LOG] driver_api.c:522 sendSwapBuf:sq:1 swapbuf_addr:10000040
[DRVSTUB_LOG] driver_api.c:521 sendSwapBuf:swapbuf_base_addr:10000000
[DRVSTUB_LOG] driver_api.c:522 sendSwapBuf:sq:2 swapbuf_addr:10000080
[DRVSTUB_LOG] driver_api.c:521 sendSwapBuf:swapbuf_base_addr:10000000
[DRVSTUB_LOG] driver_api.c:522 sendSwapBuf:sq:3 swapbuf_addr:100000c0
[ERROR] <GetOutputPathFromRemote> GetOutputPathFromRemote failed. send msg to server error ret=0
[info] [MCU_LOG] [INFO] [0000000227] ffts_isr (1636):: mcu_wrapper enqueued ffts_event, event=0
[info] [0000000275] [context_start]       : AICMIX, stream_id=3, rtsq_id=3 task_id=0, contextID=0, threadID=0x0, thread_dim=0x1
[info] [0000000278] [block_start]           : AIC, task_id=0, contextID=0, threadID=0, coreID=0, blkdim=1, blkID=0
[info] [0000000279] [subblock_start]        : AIV, task_id=0, contextID=0, threadID=0, coreID=0, blkdim=1, blkID=0, blockRatio=2, subblkID=0
[info] [0000000280] [subblock_start]        : AIV, task_id=0, contextID=0, threadID=0, coreID=1, blkdim=1, blkID=0, blockRatio=2, subblkID=1
[PEM_AIC_LOG] [INFO] [0000000477] kickstart (316):: Core 0 subcore 0 start pc 0x12663138 param_base 0x1022be00
[PEM_AIC_LOG] [INFO] [0000000478] kickstart (316):: Core 0 subcore 1 start pc 0x126678d8 param_base 0x1022be00
[PEM_AIC_LOG] [INFO] [0000000479] kickstart (316):: Core 0 subcore 2 start pc 0x126678d8 param_base 0x1022be00
[PEM_AIC_LOG] [INFO] [0000004678] set_flag (503):: Core 0 subcore 1 FFTS->AIC set flag, flag_id=15

[PEM_AIC_LOG] [INFO] [0000004678] set_flag (503):: Core 0 subcore 2 FFTS->AIC set flag, flag_id=15

[PEM_AIC_LOG] [INFO] [0000023688] set_flag (503):: Core 0 subcore 1 FFTS->AIC set flag, flag_id=0

[PEM_AIC_LOG] [INFO] [0000023688] set_flag (503):: Core 0 subcore 2 FFTS->AIC set flag, flag_id=0

[PEM_AIC_LOG] [INFO] [0000039656] set_flag (503):: Core 0 subcore 1 FFTS->AIC set flag, flag_id=0

[PEM_AIC_LOG] [INFO] [0000039657] set_flag (503):: Core 0 subcore 2 FFTS->AIC set flag, flag_id=0

[PEM_AIC_LOG] [INFO] [0000056670] set_flag (503):: Core 0 subcore 1 FFTS->AIC set flag, flag_id=0

[PEM_AIC_LOG] [INFO] [0000056671] set_flag (503):: Core 0 subcore 2 FFTS->AIC set flag, flag_id=0

[PEM_AIC_LOG] [INFO] [0000071990] set_flag (503):: Core 0 subcore 1 FFTS->AIC set flag, flag_id=0

[PEM_AIC_LOG] [INFO] [0000071991] set_flag (503):: Core 0 subcore 2 FFTS->AIC set flag, flag_id=0

[PEM_AIC_LOG] [INFO] [0000089051] set_flag (503):: Core 0 subcore 1 FFTS->AIC set flag, flag_id=0

[PEM_AIC_LOG] [INFO] [0000089051] set_flag (503):: Core 0 subcore 2 FFTS->AIC set flag, flag_id=0

[PEM_AIC_LOG] [INFO] [0000104369] set_flag (503):: Core 0 subcore 1 FFTS->AIC set flag, flag_id=0

[PEM_AIC_LOG] [INFO] [0000104369] set_flag (503):: Core 0 subcore 2 FFTS->AIC set flag, flag_id=0

[PEM_AIC_LOG] [INFO] [0000121342] set_flag (503):: Core 0 subcore 1 FFTS->AIC set flag, flag_id=0

[PEM_AIC_LOG] [INFO] [0000121342] set_flag (503):: Core 0 subcore 2 FFTS->AIC set flag, flag_id=0

[PEM_AIC_LOG] [INFO] [0000136659] set_flag (503):: Core 0 subcore 1 FFTS->AIC set flag, flag_id=0

[PEM_AIC_LOG] [INFO] [0000136659] set_flag (503):: Core 0 subcore 2 FFTS->AIC set flag, flag_id=0

[PEM_AIC_LOG] [INFO] [0000153710] set_flag (503):: Core 0 subcore 1 FFTS->AIC set flag, flag_id=0

[PEM_AIC_LOG] [INFO] [0000153710] set_flag (503):: Core 0 subcore 2 FFTS->AIC set flag, flag_id=0

[PEM_AIC_LOG] [INFO] [0000169030] set_flag (503):: Core 0 subcore 1 FFTS->AIC set flag, flag_id=0

[PEM_AIC_LOG] [INFO] [0000169030] set_flag (503):: Core 0 subcore 2 FFTS->AIC set flag, flag_id=0

[PEM_AIC_LOG] [INFO] [0000173659] aic_done_callback (72):: Core 0 subcore 1 early_end 0 done
[info] [0000173661] [subblock_end]          : AIV, task_id=0, contextID=0, threadID=0, coreID=0, blkdim=1, blkID=0, blockRatio=2, subblkID=0
[PEM_AIC_LOG] [INFO] [0000186760] set_flag (503):: Core 0 subcore 1 FFTS->AIC set flag, flag_id=1

[PEM_AIC_LOG] [INFO] [0000186760] set_flag (503):: Core 0 subcore 2 FFTS->AIC set flag, flag_id=1

[PEM_AIC_LOG] [INFO] [0000202731] set_flag (503):: Core 0 subcore 1 FFTS->AIC set flag, flag_id=1

[PEM_AIC_LOG] [INFO] [0000202731] set_flag (503):: Core 0 subcore 2 FFTS->AIC set flag, flag_id=1

[PEM_AIC_LOG] [INFO] [0000218117] set_flag (503):: Core 0 subcore 1 FFTS->AIC set flag, flag_id=1

[PEM_AIC_LOG] [INFO] [0000218117] set_flag (503):: Core 0 subcore 2 FFTS->AIC set flag, flag_id=1

[PEM_AIC_LOG] [INFO] [0000233663] set_flag (503):: Core 0 subcore 1 FFTS->AIC set flag, flag_id=1

[PEM_AIC_LOG] [INFO] [0000233663] set_flag (503):: Core 0 subcore 2 FFTS->AIC set flag, flag_id=1

[PEM_AIC_LOG] [INFO] [0000249285] set_flag (503):: Core 0 subcore 1 FFTS->AIC set flag, flag_id=1

[PEM_AIC_LOG] [INFO] [0000249285] set_flag (503):: Core 0 subcore 2 FFTS->AIC set flag, flag_id=1

[PEM_AIC_LOG] [INFO] [0000264825] set_flag (503):: Core 0 subcore 1 FFTS->AIC set flag, flag_id=1

[PEM_AIC_LOG] [INFO] [0000264825] set_flag (503):: Core 0 subcore 2 FFTS->AIC set flag, flag_id=1

[PEM_AIC_LOG] [INFO] [0000280431] set_flag (503):: Core 0 subcore 1 FFTS->AIC set flag, flag_id=1

[PEM_AIC_LOG] [INFO] [0000280431] set_flag (503):: Core 0 subcore 2 FFTS->AIC set flag, flag_id=1

[PEM_AIC_LOG] [INFO] [0000295966] set_flag (503):: Core 0 subcore 1 FFTS->AIC set flag, flag_id=1

[PEM_AIC_LOG] [INFO] [0000295966] set_flag (503):: Core 0 subcore 2 FFTS->AIC set flag, flag_id=1

[PEM_AIC_LOG] [INFO] [0000311578] set_flag (503):: Core 0 subcore 1 FFTS->AIC set flag, flag_id=1

[PEM_AIC_LOG] [INFO] [0000311578] set_flag (503):: Core 0 subcore 2 FFTS->AIC set flag, flag_id=1

[PEM_AIC_LOG] [INFO] [0000327134] set_flag (503):: Core 0 subcore 1 FFTS->AIC set flag, flag_id=1

[PEM_AIC_LOG] [INFO] [0000327134] set_flag (503):: Core 0 subcore 2 FFTS->AIC set flag, flag_id=1

[PEM_AIC_LOG] [INFO] [0000331763] aic_done_callback (72):: Core 0 subcore 2 early_end 0 done
[info] [0000331765] [subblock_end]          : AIV, task_id=0, contextID=0, threadID=0, coreID=1, blkdim=1, blkID=0, blockRatio=2, subblkID=1
[PEM_AIC_LOG] [INFO] [0000335311] aic_done_callback (72):: Core 0 subcore 0 early_end 0 done
[info] [0000335313] [block_end]             : AIC, task_id=0, contextID=0, threadID=0, coreID=0, blkdim=1, blkID=0
[info] [0000335314] [context_end]         : AICMIX, stream_id=3, rtsq_id=3 task_id=0, contextID=0, threadID=0x0, thread_dim=0x1
[info] [MCU_LOG] [INFO] [0000335314] ffts_isr (1636):: mcu_wrapper enqueued ffts_event, event=1
[info] [MCU_LOG] [INFO] [0000335388] stop (645):: mcu_wrapper is stopping...
[info] [MCU_LOG] [INFO] [0000335389] main_loop (624):: mcu_wrapper loop is stopping...
[info] [MCU_LOG] [INFO] [0000335396] stop (654):: mcu_wrapper loop joined successfully.
[INFO] Model Stop Time: 2026-06-15 16:19:01
Model RUN TIME: 179138 ms
[INFO] Total tick: 335395
[INFO] Model stopped successfully.
[INFO]  Profiling running finished. All task success.
[INFO]  Start parse dump file
[WARN]  Profiling results are empty. No kernel profiling data was generated. Please check the dump output.
[ERROR] Profiling data parse failed. Please check
[INFO]  Op profiling finish. Welcome to next use.
